Collecting flash-linear-attention
  Downloading flash_linear_attention-0.5.0-py3-none-any.whl.metadata (44 kB)
Collecting fla-core==0.5.0 (from flash-linear-attention)
  Downloading fla_core-0.5.0-py3-none-any.whl.metadata (44 kB)
Requirement already satisfied: transformers in ./.venv/lib/python3.10/site-packages (from flash-linear-attention) (5.8.0)
Requirement already satisfied: torch>=2.7.0 in ./.venv/lib/python3.10/site-packages (from fla-core==0.5.0->flash-linear-attention) (2.11.0)
Requirement already satisfied: einops in ./.venv/lib/python3.10/site-packages (from fla-core==0.5.0->flash-linear-attention) (0.8.2)
Requirement already satisfied: filelock in ./.venv/lib/python3.10/site-packages (from torch>=2.7.0->fla-core==0.5.0->flash-linear-attention) (3.29.0)
Requirement already satisfied: typing-extensions>=4.10.0 in ./.venv/lib/python3.10/site-packages (from torch>=2.7.0->fla-core==0.5.0->flash-linear-attention) (4.15.0)
Requirement already satisfied: setuptools<82 in ./.venv/lib/python3.10/site-packages (from torch>=2.7.0->fla-core==0.5.0->flash-linear-attention) (81.0.0)
Requirement already satisfied: sympy>=1.13.3 in ./.venv/lib/python3.10/site-packages (from torch>=2.7.0->fla-core==0.5.0->flash-linear-attention) (1.14.0)
Requirement already satisfied: networkx>=2.5.1 in ./.venv/lib/python3.10/site-packages (from torch>=2.7.0->fla-core==0.5.0->flash-linear-attention) (3.4.2)
Requirement already satisfied: jinja2 in ./.venv/lib/python3.10/site-packages (from torch>=2.7.0->fla-core==0.5.0->flash-linear-attention) (3.1.6)
Requirement already satisfied: fsspec>=0.8.5 in ./.venv/lib/python3.10/site-packages (from torch>=2.7.0->fla-core==0.5.0->flash-linear-attention) (2026.4.0)
Requirement already satisfied: cuda-toolkit==13.0.2 in ./.venv/lib/python3.10/site-packages (from cuda-toolkit[cublas,cudart,cufft,cufile,cupti,curand,cusolver,cusparse,nvjitlink,nvrtc,nvtx]==13.0.2; platform_system == "Linux"->torch>=2.7.0->fla-core==0.5.0->flash-linear-attention) (13.0.2)
Requirement already satisfied: cuda-bindings<14,>=13.0.3 in ./.venv/lib/python3.10/site-packages (from torch>=2.7.0->fla-core==0.5.0->flash-linear-attention) (13.2.0)
Requirement already satisfied: nvidia-cudnn-cu13==9.19.0.56 in ./.venv/lib/python3.10/site-packages (from torch>=2.7.0->fla-core==0.5.0->flash-linear-attention) (9.19.0.56)
Requirement already satisfied: nvidia-cusparselt-cu13==0.8.0 in ./.venv/lib/python3.10/site-packages (from torch>=2.7.0->fla-core==0.5.0->flash-linear-attention) (0.8.0)
Requirement already satisfied: nvidia-nccl-cu13==2.28.9 in ./.venv/lib/python3.10/site-packages (from torch>=2.7.0->fla-core==0.5.0->flash-linear-attention) (2.28.9)
Requirement already satisfied: nvidia-nvshmem-cu13==3.4.5 in ./.venv/lib/python3.10/site-packages (from torch>=2.7.0->fla-core==0.5.0->flash-linear-attention) (3.4.5)
Requirement already satisfied: triton==3.6.0 in ./.venv/lib/python3.10/site-packages (from torch>=2.7.0->fla-core==0.5.0->flash-linear-attention) (3.6.0)
Requirement already satisfied: nvidia-cusolver==12.0.4.66.* in ./.venv/lib/python3.10/site-packages (from cuda-toolkit[cublas,cudart,cufft,cufile,cupti,curand,cusolver,cusparse,nvjitlink,nvrtc,nvtx]==13.0.2; platform_system == "Linux"->torch>=2.7.0->fla-core==0.5.0->flash-linear-attention) (12.0.4.66)
Requirement already satisfied: nvidia-nvtx==13.0.85.* in ./.venv/lib/python3.10/site-packages (from cuda-toolkit[cublas,cudart,cufft,cufile,cupti,curand,cusolver,cusparse,nvjitlink,nvrtc,nvtx]==13.0.2; platform_system == "Linux"->torch>=2.7.0->fla-core==0.5.0->flash-linear-attention) (13.0.85)
Requirement already satisfied: nvidia-curand==10.4.0.35.* in ./.venv/lib/python3.10/site-packages (from cuda-toolkit[cublas,cudart,cufft,cufile,cupti,curand,cusolver,cusparse,nvjitlink,nvrtc,nvtx]==13.0.2; platform_system == "Linux"->torch>=2.7.0->fla-core==0.5.0->flash-linear-attention) (10.4.0.35)
Requirement already satisfied: nvidia-cuda-cupti==13.0.85.* in ./.venv/lib/python3.10/site-packages (from cuda-toolkit[cublas,cudart,cufft,cufile,cupti,curand,cusolver,cusparse,nvjitlink,nvrtc,nvtx]==13.0.2; platform_system == "Linux"->torch>=2.7.0->fla-core==0.5.0->flash-linear-attention) (13.0.85)
Requirement already satisfied: nvidia-cublas==13.1.0.3.* in ./.venv/lib/python3.10/site-packages (from cuda-toolkit[cublas,cudart,cufft,cufile,cupti,curand,cusolver,cusparse,nvjitlink,nvrtc,nvtx]==13.0.2; platform_system == "Linux"->torch>=2.7.0->fla-core==0.5.0->flash-linear-attention) (13.1.0.3)
Requirement already satisfied: nvidia-cuda-nvrtc==13.0.88.* in ./.venv/lib/python3.10/site-packages (from cuda-toolkit[cublas,cudart,cufft,cufile,cupti,curand,cusolver,cusparse,nvjitlink,nvrtc,nvtx]==13.0.2; platform_system == "Linux"->torch>=2.7.0->fla-core==0.5.0->flash-linear-attention) (13.0.88)
Requirement already satisfied: nvidia-cufile==1.15.1.6.* in ./.venv/lib/python3.10/site-packages (from cuda-toolkit[cublas,cudart,cufft,cufile,cupti,curand,cusolver,cusparse,nvjitlink,nvrtc,nvtx]==13.0.2; platform_system == "Linux"->torch>=2.7.0->fla-core==0.5.0->flash-linear-attention) (1.15.1.6)
Requirement already satisfied: nvidia-nvjitlink==13.0.88.* in ./.venv/lib/python3.10/site-packages (from cuda-toolkit[cublas,cudart,cufft,cufile,cupti,curand,cusolver,cusparse,nvjitlink,nvrtc,nvtx]==13.0.2; platform_system == "Linux"->torch>=2.7.0->fla-core==0.5.0->flash-linear-attention) (13.0.88)
Requirement already satisfied: nvidia-cuda-runtime==13.0.96.* in ./.venv/lib/python3.10/site-packages (from cuda-toolkit[cublas,cudart,cufft,cufile,cupti,curand,cusolver,cusparse,nvjitlink,nvrtc,nvtx]==13.0.2; platform_system == "Linux"->torch>=2.7.0->fla-core==0.5.0->flash-linear-attention) (13.0.96)
Requirement already satisfied: nvidia-cufft==12.0.0.61.* in ./.venv/lib/python3.10/site-packages (from cuda-toolkit[cublas,cudart,cufft,cufile,cupti,curand,cusolver,cusparse,nvjitlink,nvrtc,nvtx]==13.0.2; platform_system == "Linux"->torch>=2.7.0->fla-core==0.5.0->flash-linear-attention) (12.0.0.61)
Requirement already satisfied: nvidia-cusparse==12.6.3.3.* in ./.venv/lib/python3.10/site-packages (from cuda-toolkit[cublas,cudart,cufft,cufile,cupti,curand,cusolver,cusparse,nvjitlink,nvrtc,nvtx]==13.0.2; platform_system == "Linux"->torch>=2.7.0->fla-core==0.5.0->flash-linear-attention) (12.6.3.3)
Requirement already satisfied: cuda-pathfinder~=1.1 in ./.venv/lib/python3.10/site-packages (from cuda-bindings<14,>=13.0.3->torch>=2.7.0->fla-core==0.5.0->flash-linear-attention) (1.5.4)
Requirement already satisfied: mpmath<1.4,>=1.1.0 in ./.venv/lib/python3.10/site-packages (from sympy>=1.13.3->torch>=2.7.0->fla-core==0.5.0->flash-linear-attention) (1.3.0)
Requirement already satisfied: MarkupSafe>=2.0 in ./.venv/lib/python3.10/site-packages (from jinja2->torch>=2.7.0->fla-core==0.5.0->flash-linear-attention) (3.0.3)
Requirement already satisfied: huggingface-hub<2.0,>=1.5.0 in ./.venv/lib/python3.10/site-packages (from transformers->flash-linear-attention) (1.14.0)
Requirement already satisfied: numpy>=1.17 in ./.venv/lib/python3.10/site-packages (from transformers->flash-linear-attention) (2.2.6)
Requirement already satisfied: packaging>=20.0 in ./.venv/lib/python3.10/site-packages (from transformers->flash-linear-attention) (26.2)
Requirement already satisfied: pyyaml>=5.1 in ./.venv/lib/python3.10/site-packages (from transformers->flash-linear-attention) (6.0.3)
Requirement already satisfied: regex>=2025.10.22 in ./.venv/lib/python3.10/site-packages (from transformers->flash-linear-attention) (2026.5.9)
Requirement already satisfied: tokenizers<=0.23.0,>=0.22.0 in ./.venv/lib/python3.10/site-packages (from transformers->flash-linear-attention) (0.22.2)
Requirement already satisfied: typer in ./.venv/lib/python3.10/site-packages (from transformers->flash-linear-attention) (0.25.1)
Requirement already satisfied: safetensors>=0.4.3 in ./.venv/lib/python3.10/site-packages (from transformers->flash-linear-attention) (0.7.0)
Requirement already satisfied: tqdm>=4.27 in ./.venv/lib/python3.10/site-packages (from transformers->flash-linear-attention) (4.67.3)
Requirement already satisfied: hf-xet<2.0.0,>=1.4.3 in ./.venv/lib/python3.10/site-packages (from huggingface-hub<2.0,>=1.5.0->transformers->flash-linear-attention) (1.5.0)
Requirement already satisfied: httpx<1,>=0.23.0 in ./.venv/lib/python3.10/site-packages (from huggingface-hub<2.0,>=1.5.0->transformers->flash-linear-attention) (0.28.1)
Requirement already satisfied: anyio in ./.venv/lib/python3.10/site-packages (from httpx<1,>=0.23.0->huggingface-hub<2.0,>=1.5.0->transformers->flash-linear-attention) (4.13.0)
Requirement already satisfied: certifi in ./.venv/lib/python3.10/site-packages (from httpx<1,>=0.23.0->huggingface-hub<2.0,>=1.5.0->transformers->flash-linear-attention) (2026.4.22)
Requirement already satisfied: httpcore==1.* in ./.venv/lib/python3.10/site-packages (from httpx<1,>=0.23.0->huggingface-hub<2.0,>=1.5.0->transformers->flash-linear-attention) (1.0.9)
Requirement already satisfied: idna in ./.venv/lib/python3.10/site-packages (from httpx<1,>=0.23.0->huggingface-hub<2.0,>=1.5.0->transformers->flash-linear-attention) (3.14)
Requirement already satisfied: h11>=0.16 in ./.venv/lib/python3.10/site-packages (from httpcore==1.*->httpx<1,>=0.23.0->huggingface-hub<2.0,>=1.5.0->transformers->flash-linear-attention) (0.16.0)
Requirement already satisfied: click>=8.2.1 in ./.venv/lib/python3.10/site-packages (from typer->transformers->flash-linear-attention) (8.3.3)
Requirement already satisfied: shellingham>=1.3.0 in ./.venv/lib/python3.10/site-packages (from typer->transformers->flash-linear-attention) (1.5.4)
Requirement already satisfied: rich>=13.8.0 in ./.venv/lib/python3.10/site-packages (from typer->transformers->flash-linear-attention) (15.0.0)
Requirement already satisfied: annotated-doc>=0.0.2 in ./.venv/lib/python3.10/site-packages (from typer->transformers->flash-linear-attention) (0.0.4)
Requirement already satisfied: markdown-it-py>=2.2.0 in ./.venv/lib/python3.10/site-packages (from rich>=13.8.0->typer->transformers->flash-linear-attention) (4.2.0)
Requirement already satisfied: pygments<3.0.0,>=2.13.0 in ./.venv/lib/python3.10/site-packages (from rich>=13.8.0->typer->transformers->flash-linear-attention) (2.20.0)
Requirement already satisfied: mdurl~=0.1 in ./.venv/lib/python3.10/site-packages (from markdown-it-py>=2.2.0->rich>=13.8.0->typer->transformers->flash-linear-attention) (0.1.2)
Requirement already satisfied: exceptiongroup>=1.0.2 in ./.venv/lib/python3.10/site-packages (from anyio->httpx<1,>=0.23.0->huggingface-hub<2.0,>=1.5.0->transformers->flash-linear-attention) (1.3.1)
Downloading flash_linear_attention-0.5.0-py3-none-any.whl (319 kB)
Downloading fla_core-0.5.0-py3-none-any.whl (595 kB)
   ━━━━━━━━━━━━━━━━━━━━━━━━━━━━━━━━━━━━━━━━ 595.3/595.3 kB 28.3 MB/s  0:00:00
Installing collected packages: fla-core, flash-linear-attention

Successfully installed fla-core-0.5.0 flash-linear-attention-0.5.0
